../amazon-freertos/freertos/queue.c:2059:21:prvGetDisinheritPriorityAfterTimeout	0	static
../amazon-freertos/freertos/queue.c:2341:19:prvIsQueueFull	8	static
../amazon-freertos/freertos/queue.c:2301:19:prvIsQueueEmpty	8	static
../amazon-freertos/freertos/queue.c:2084:19:prvCopyDataToQueue	16	static
../amazon-freertos/freertos/queue.c:2163:13:prvCopyDataFromQueue	8	static
../amazon-freertos/freertos/queue.c:2181:13:prvUnlockQueue	16	static
../amazon-freertos/freertos/queue.c:256:12:xQueueGenericReset	16	static
../amazon-freertos/freertos/queue.c:435:13:prvInitialiseNewQueue	16	static
../amazon-freertos/freertos/queue.c:369:16:xQueueGenericCreate	32	static
../amazon-freertos/freertos/queue.c:545:15:xQueueGetMutexHolder	8	static
../amazon-freertos/freertos/queue.c:576:15:xQueueGetMutexHolderFromISR	0	static
../amazon-freertos/freertos/queue.c:727:16:xQueueCreateCountingSemaphore	8	static
../amazon-freertos/freertos/queue.c:753:12:xQueueGenericSend	40	static
../amazon-freertos/freertos/queue.c:479:14:prvInitialiseMutex	8	static
../amazon-freertos/freertos/queue.c:509:16:xQueueCreateMutex	8	static
../amazon-freertos/freertos/queue.c:602:13:xQueueGiveMutexRecursive	16	static
../amazon-freertos/freertos/queue.c:963:12:xQueueGenericSendFromISR	32	static
../amazon-freertos/freertos/queue.c:1116:12:xQueueGiveFromISR	16	static
../amazon-freertos/freertos/queue.c:1283:12:xQueueReceive	40	static
../amazon-freertos/freertos/queue.c:1424:12:xQueueSemaphoreTake	32	static
../amazon-freertos/freertos/queue.c:657:13:xQueueTakeMutexRecursive	16	static
../amazon-freertos/freertos/queue.c:1644:12:xQueuePeek	32	static
../amazon-freertos/freertos/queue.c:1793:12:xQueueReceiveFromISR	32	static
../amazon-freertos/freertos/queue.c:1886:12:xQueuePeekFromISR	24	static
../amazon-freertos/freertos/queue.c:1940:13:uxQueueMessagesWaiting	8	static
../amazon-freertos/freertos/queue.c:1956:13:uxQueueSpacesAvailable	8	static
../amazon-freertos/freertos/queue.c:1973:13:uxQueueMessagesWaitingFromISR	0	static
../amazon-freertos/freertos/queue.c:2029:14:uxQueueGetQueueNumber	0	static
../amazon-freertos/freertos/queue.c:2039:7:vQueueSetQueueNumber	0	static
../amazon-freertos/freertos/queue.c:2049:10:ucQueueGetQueueType	0	static
../amazon-freertos/freertos/queue.c:2322:12:xQueueIsQueueEmptyFromISR	0	static
../amazon-freertos/freertos/queue.c:2362:12:xQueueIsQueueFullFromISR	0	static
../amazon-freertos/freertos/queue.c:2658:7:vQueueAddToRegistry	8	static
../amazon-freertos/freertos/queue.c:2687:14:pcQueueGetName	0	static
../amazon-freertos/freertos/queue.c:2715:7:vQueueUnregisterQueue	0	static
../amazon-freertos/freertos/queue.c:1985:6:vQueueDelete	8	static
../amazon-freertos/freertos/queue.c:2747:7:vQueueWaitForMessageRestricted	16	static
