../framework/SecLib/source/SecLib.c:1611:13:SecLib_LeftShiftOneBit	12	static
../framework/SecLib/source/SecLib.c:1639:13:SecLib_Padding	12	static
../framework/SecLib/source/SecLib.c:1669:13:SecLib_Xor128	12	static
../framework/SecLib/source/SecLib.c:208:6:SecLib_Init	8	static
../framework/SecLib/source/SecLib.c:2517:13:SHA1_hash_n	8	static
../framework/SecLib/source/SecLib.c:2536:13:SHA256_hash_n	8	static
../framework/SecLib/source/SecLib.c:240:6:SecLib_SetExternalMultiplicationCb	0	static
../framework/SecLib/source/SecLib.c:254:6:SecLib_ExecMultiplicationCb	8	static
../framework/SecLib/source/SecLib.c:277:6:AES_128_Encrypt	32	static
../framework/SecLib/source/SecLib.c:1558:13:AES_128_CMAC_Generate_Subkey	88	static
../framework/SecLib/source/SecLib.c:371:6:AES_128_Decrypt	40	static
../framework/SecLib/source/SecLib.c:469:6:AES_128_ECB_Encrypt	56	static
../framework/SecLib/source/SecLib.c:564:6:AES_128_ECB_Block_Encrypt	24	static
../framework/SecLib/source/SecLib.c:656:6:AES_128_CBC_Encrypt	40	static
../framework/SecLib/source/SecLib.c:716:10:AES_128_CBC_Encrypt_And_Pad	40	static
../framework/SecLib/source/SecLib.c:776:10:AES_128_CBC_Decrypt_And_Depad	48	static
../framework/SecLib/source/SecLib.c:841:6:AES_128_CTR	48	static
../framework/SecLib/source/SecLib.c:1001:6:AES_128_CMAC	120	static
../framework/SecLib/source/SecLib.c:1104:6:AES_128_CMAC_LsbFirstInput	144	static
../framework/SecLib/source/SecLib.c:1195:6:AES_CMAC_PRF_128	64	static
../framework/SecLib/source/SecLib.c:1245:17:AES_128_EAX_Encrypt	112	static
../framework/SecLib/source/SecLib.c:1336:17:AES_128_EAX_Decrypt	96	static
../framework/SecLib/source/SecLib.c:1444:9:AES_128_CCM	64	static
../framework/SecLib/source/SecLib.c:1492:6:SecLib_XorN	8	static
../framework/SecLib/source/SecLib.c:955:6:AES_128_OFB	64	static
../framework/SecLib/source/SecLib.c:1689:7:SHA1_AllocCtx	8	static
../framework/SecLib/source/SecLib.c:1703:6:SHA1_FreeCtx	8	static
../framework/SecLib/source/SecLib.c:1717:6:SHA1_CloneCtx	8	static
../framework/SecLib/source/SecLib.c:1730:6:SHA1_Init	8	static
../framework/SecLib/source/SecLib.c:1753:6:SHA1_HashUpdate	24	static
../framework/SecLib/source/SecLib.c:1804:6:SHA1_HashFinish	24	static
../framework/SecLib/source/SecLib.c:1851:6:SHA1_Hash	112	static
../framework/SecLib/source/SecLib.c:1868:7:SHA256_AllocCtx	8	static
../framework/SecLib/source/SecLib.c:1883:6:SHA256_FreeCtx	8	static
../framework/SecLib/source/SecLib.c:1897:6:SHA256_CloneCtx	8	static
../framework/SecLib/source/SecLib.c:1910:6:SHA256_Init	8	static
../framework/SecLib/source/SecLib.c:1933:6:SHA256_HashUpdate	24	static
../framework/SecLib/source/SecLib.c:1984:6:SHA256_HashFinish	24	static
../framework/SecLib/source/SecLib.c:2031:6:SHA256_Hash	120	static
../framework/SecLib/source/SecLib.c:2048:7:HMAC_SHA256_AllocCtx	8	static
../framework/SecLib/source/SecLib.c:2062:6:HMAC_SHA256_FreeCtx	8	static
../framework/SecLib/source/SecLib.c:2077:6:HMAC_SHA256_Init	48	static
../framework/SecLib/source/SecLib.c:2121:6:HMAC_SHA256_Update	8	static
../framework/SecLib/source/SecLib.c:2138:6:HMAC_SHA256_Finish	48	static
../framework/SecLib/source/SecLib.c:2165:6:HMAC_SHA256	184	static
../framework/SecLib/source/SecLib.c:2183:17:ECDH_P256_GenerateKeys	16	static
../framework/SecLib/source/SecLib.c:2244:17:ECDH_P256_GenerateKeysSeg	8	static
../framework/SecLib/source/SecLib.c:2283:17:ECDH_P256_ComputeDhKey	24	static
../framework/SecLib/source/SecLib.c:2365:17:ECDH_P256_ComputeDhKeySeg	8	static
../framework/SecLib/source/SecLib.c:2447:8:SecLib_HandleMultiplyStep	8	static
