../framework/MWSCoexistence/source/MWS.c:221:13:MWS_Register	0	static
../framework/MWSCoexistence/source/MWS.c:262:15:MWS_GetRegisteredCallback	0	static
../framework/MWSCoexistence/source/MWS.c:283:10:MWS_GetInactivityDuration	0	static
../framework/MWSCoexistence/source/MWS.c:314:13:MWS_Acquire	0	static
../framework/MWSCoexistence/source/MWS.c:365:13:MWS_Release	0	static
../framework/MWSCoexistence/source/MWS.c:405:13:MWS_Abort	0	static
../framework/MWSCoexistence/source/MWS.c:429:16:MWS_GetActiveProtocol	0	static
../framework/MWSCoexistence/source/MWS.c:447:13:MWS_SignalIdle	0	static
../framework/MWSCoexistence/source/MWS.c:487:13:MWS_CoexistenceInit	0	static
../framework/MWSCoexistence/source/MWS.c:545:6:MWS_CoexistenceEnable	0	static
../framework/MWSCoexistence/source/MWS.c:585:6:MWS_CoexistenceDisable	0	static
../framework/MWSCoexistence/source/MWS.c:606:13:MWS_CoexistenceRegister	0	static
../framework/MWSCoexistence/source/MWS.c:650:15:MWS_CoexistenceGetRegisteredCallback	0	static
../framework/MWSCoexistence/source/MWS.c:669:9:MWS_CoexistenceDenyState	0	static
../framework/MWSCoexistence/source/MWS.c:691:6:MWS_CoexistenceSetPriority	0	static
../framework/MWSCoexistence/source/MWS.c:726:13:MWS_CoexistenceRequestAccess	0	static
../framework/MWSCoexistence/source/MWS.c:811:13:MWS_CoexistenceChangeAccess	0	static
../framework/MWSCoexistence/source/MWS.c:850:6:MWS_CoexistenceReleaseAccess	0	static
