../board/board.c:428:13:BOARD_SetNMIPinMux	0	static
../board/board.c:995:13:DCDC_AdjustVbatDiv4	0	static
../board/board.c:1002:13:BOARD_CheckRTCStatus	0	static
../board/board.c:908:13:ADC16_CalibrateParams	16	static
../board/board.c:975:13:ADC_Hardware_Init	8	static
../board/board.c:535:13:BOARD_LPUARTPrepareEnterLowPower	8	static
../board/board.c:940:17:ADC16_ReadValue	16	static
../board/board.c:214:6:BOARD_SerialClkInit	0	static
../board/board.c:222:6:BOARD_InitSerialManager	8	static
../board/board.c:240:9:BOARD_GetSerialManagerInterface	8	static
../board/board.c:250:6:BOARD_SetSerialManagerInterface	8	static
../board/board.c:260:8:BOARD_WasRtcShutDown	0	static
../board/board.c:266:6:hardware_init	8	static
../board/board.c:298:10:BOARD_GetLpuartClock	8	static
../board/board.c:308:6:BOARD_InitDebugConsole	0	static
../board/board.c:326:10:BOARD_GetTpmClock	8	static
../board/board.c:422:10:BOARD_GetSpiClock	8	static
../board/board.c:436:6:NMI_Handler	8	static
../board/board.c:443:6:BOARD_InitAdc	8	static
../board/board.c:480:6:BOARD_DCDCInit	0	static
../board/board.c:490:6:BOARD_GetMCUUid	32	static
../board/board.c:508:6:BOARD_GetMACAddr	0	static
../board/board.c:521:6:BOARD_InstallLowPowerCallbacks	0	static
../board/board.c:531:6:BOARD_InstallWarmbootCallback	0	static
../board/board.c:583:6:BOARD_RTC_Init	8	static
../board/board.c:609:6:BOARD_RTC_Deinit	8	static
../board/board.c:623:6:BOARD_SetCoreClock48Mhz	0	static
../board/board.c:629:6:BOARD_ResetCoreClock	0	static
../board/board.c:635:6:BOARD_EnterLowPowerCb	8	static
../board/board.c:658:6:BOARD_ExitLowPowerCb	8	static
../board/board.c:762:10:BOARD_GetPotentiometerLevel	16	static
../board/board.c:790:9:BOARD_GetXtal32MhzTrim	0	static
../board/board.c:808:6:BOARD_SetXtal32MHzTrim	144	static
../board/board.c:833:9:BOARD_GetRssiAdjustment	136	static
../board/board.c:855:6:BOARD_SetRssiAdjustment	136	static
../board/board.c:881:10:BOARD_GetAdcBatLvl	8	static
../board/board.c:892:10:BOARD_GetAdcBgLvl	8	static
../board/board.c:464:9:BOARD_GetBatteryLevel	16	static
../board/board.c:737:9:BOARD_GetTemperature	16	static
