../framework/NVM/source/NV_Flash.c:6405:14:NvModuleInit	0	static
../framework/NVM/source/NV_Flash.c:6444:14:NvMoveToRam	0	static
../framework/NVM/source/NV_Flash.c:6470:14:NvErase	0	static
../framework/NVM/source/NV_Flash.c:6498:14:NvSaveOnIdle	0	static
../framework/NVM/source/NV_Flash.c:6529:14:NvSaveOnInterval	0	static
../framework/NVM/source/NV_Flash.c:6554:14:NvSaveOnCount	0	static
../framework/NVM/source/NV_Flash.c:6580:6:NvSetMinimumTicksBetweenSaves	0	static
../framework/NVM/source/NV_Flash.c:6600:6:NvSetCountsBetweenSaves	0	static
../framework/NVM/source/NV_Flash.c:6622:8:NvTimerTick	0	static
../framework/NVM/source/NV_Flash.c:6650:14:NvRestoreDataSet	0	static
../framework/NVM/source/NV_Flash.c:6677:6:NvClearCriticalSection	0	static
../framework/NVM/source/NV_Flash.c:6703:6:NvSetCriticalSection	0	static
../framework/NVM/source/NV_Flash.c:6725:6:NvIdle	0	static
../framework/NVM/source/NV_Flash.c:6747:7:NvGetNvIdleTaskId	0	static
../framework/NVM/source/NV_Flash.c:6765:8:NvIsDataSetDirty	0	static
../framework/NVM/source/NV_Flash.c:6790:6:NvGetPagesStatistics	0	static
../framework/NVM/source/NV_Flash.c:6829:6:NvGetPagesSize	0	static
../framework/NVM/source/NV_Flash.c:6859:14:NvFormat	0	static
../framework/NVM/source/NV_Flash.c:6893:14:NvRegisterTableEntry	0	static
../framework/NVM/source/NV_Flash.c:6930:14:NvEraseEntryFromStorage	0	static
../framework/NVM/source/NV_Flash.c:6975:14:NvSyncSave	0	static
../framework/NVM/source/NV_Flash.c:7009:14:NvAtomicSave	0	static
../framework/NVM/source/NV_Flash.c:7031:6:NvShutdown	0	static
../framework/NVM/source/NV_Flash.c:7047:6:NvCompletePendingOperations	0	static
