../source/wireless_uart.c:1222:13:BleApp_StoreServiceHandles	8	static
../source/wireless_uart.c:1507:13:Uart_RxCallBack	24	static
../source/wireless_uart.c:1493:13:UartStreamFlushTimerCallback	8	static
../source/wireless_uart.c:1236:13:BleApp_SendUartStream	72	static
../source/wireless_uart.c:1403:13:BleApp_FlushUartStream	16	static
../source/wireless_uart.c:349:6:door_pin_isr	16	static
../source/wireless_uart.c:795:13:BleApp_AdvertisingCallback	8	static
../source/wireless_uart.c:334:13:debounce	16	static
../source/wireless_uart.c:1548:13:BatteryMeasurementTimerCallback	8	static
../source/wireless_uart.c:1396:13:ScanningTimerCallback	8	static
../source/wireless_uart.c:1164:15:MatchDataInAdvElementList	24	static
../source/wireless_uart.c:1190:15:BleApp_CheckScanEvent	24	static
../source/wireless_uart.c:730:13:BleApp_ScanningCallback	24	static
../source/wireless_uart.c:356:13:tpm_isr	40	static
../source/wireless_uart.c:320:13:init_adc	16	static
../source/wireless_uart.c:717:13:BleApp_Advertise	8	static
../source/wireless_uart.c:632:13:BleApp_Config	8	static
../source/wireless_uart.c:1094:13:BleApp_GattServerCallback	24	static
../source/wireless_uart.c:274:6:BleApp_Init	8	static
../source/wireless_uart.c:416:6:BleApp_Start	40	static
../source/wireless_uart.c:496:6:BleApp_HandleKeys	8	static
../source/wireless_uart.c:572:6:BleApp_GenericCallback	8	static
../source/wireless_uart.c:1255:6:BleApp_StateMachineHandler	16	static
../source/wireless_uart.c:829:13:BleApp_ConnectionCallback	40	static
../source/wireless_uart.c:1007:13:BleApp_ServiceDiscoveryCallback	16	static
../source/wireless_uart.c:1062:13:BleApp_GattClientCallback	24	static
