../drivers/fsl_ltc.c:291:24:ltc_get_word_from_unaligned	0	static
../drivers/fsl_ltc.c:383:13:ltc_set_key	24	static
../drivers/fsl_ltc.c:402:13:ltc_get_key	16	static
../drivers/fsl_ltc.c:502:17:ltc_symmetric_alg_state	32	static
../drivers/fsl_ltc.c:593:17:ltc_symmetric_init	32	static
../drivers/fsl_ltc.c:614:17:ltc_symmetric_init_final	32	static
../drivers/fsl_ltc.c:811:13:ltc_move_block_to_ififo	12	static
../drivers/fsl_ltc.c:1919:17:swap_bytes	0	static
../drivers/fsl_ltc.c:3002:17:ltc_hash_check_input_alg	0	static
../drivers/fsl_ltc.c:3052:17:ltc_hash_check_context	8	static
../drivers/fsl_ltc.c:3062:17:ltc_hash_algo2mode	8	static
../drivers/fsl_ltc.c:3106:13:ltc_hash_engine_init	24	static
../drivers/fsl_ltc.c:3257:13:ltc_hash_prepare_context_switch	0	static
../drivers/fsl_ltc.c:3263:17:ltc_hash_get_block_size	0	static
../drivers/fsl_ltc.c:3283:13:ltc_hash_block_to_ififo	12	static
../drivers/fsl_ltc.c:195:6:ltc_check_key_size	0	static
../drivers/fsl_ltc.c:1872:17:ltc_aes_ccm_check_input_args	8	static
../drivers/fsl_ltc.c:3027:17:ltc_hash_check_input_args	32	static
../drivers/fsl_ltc.c:208:10:ltc_wait	0	static
../drivers/fsl_ltc.c:247:6:ltc_clear_all	0	static
../drivers/fsl_ltc.c:258:6:ltc_memcpy	0	static
../drivers/fsl_ltc.c:837:13:ltc_move_to_ififo	48	static
../drivers/fsl_ltc.c:1960:17:ltc_aes_ccm_process_aad	64	static
../drivers/fsl_ltc.c:1007:17:ltc_aes_received_mac_compare	40	static
../drivers/fsl_ltc.c:3342:17:ltc_hash_merge_and_flush_buf	32	static
../drivers/fsl_ltc.c:3396:17:ltc_hash_move_rest_to_context	64	static
../drivers/fsl_ltc.c:3309:13:ltc_hash_move_to_ififo	40	static
../drivers/fsl_ltc.c:3439:17:ltc_hash_process_input_data	56	static
../drivers/fsl_ltc.c:427:10:ltc_set_context	40	static
../drivers/fsl_ltc.c:1925:13:ltc_aes_ccm_context_init	64	static
../drivers/fsl_ltc.c:3196:13:ltc_hash_restore_context	16	static
../drivers/fsl_ltc.c:472:10:ltc_get_context	32	static
../drivers/fsl_ltc.c:1040:17:ltc_aes_process_tag	8	static
../drivers/fsl_ltc.c:3146:13:ltc_hash_save_context	16	static
../drivers/fsl_ltc.c:549:10:ltc_symmetric_update	32	static
../drivers/fsl_ltc.c:624:6:ltc_symmetric_process	56	static
../drivers/fsl_ltc.c:873:17:ltc_symmetric_process_data_multiple	48	static
../drivers/fsl_ltc.c:703:10:ltc_symmetric_process_data	24	static
../drivers/fsl_ltc.c:749:17:ltc_process_message_in_sessions	24	static
../drivers/fsl_ltc.c:1118:17:ltc_aes_decrypt_ecb	40	static
../drivers/fsl_ltc.c:2050:17:ltc_aes_ccm_process	64	static
../drivers/fsl_ltc.c:1067:6:LTC_Init	0	static
../drivers/fsl_ltc.c:1080:6:LTC_Deinit	0	static
../drivers/fsl_ltc.c:1163:10:LTC_AES_GenerateDecryptKey	72	static
../drivers/fsl_ltc.c:1197:10:LTC_AES_EncryptEcb	40	static
../drivers/fsl_ltc.c:1239:10:LTC_AES_DecryptEcb	48	static
../drivers/fsl_ltc.c:1276:10:LTC_AES_EncryptCbc	40	static
../drivers/fsl_ltc.c:1330:10:LTC_AES_DecryptCbc	40	static
../drivers/fsl_ltc.c:1400:10:LTC_AES_CryptCtr	56	static
../drivers/fsl_ltc.c:2166:10:LTC_AES_EncryptTagCcm	56	static
../drivers/fsl_ltc.c:2207:10:LTC_AES_DecryptTagCcm	80	static
../drivers/fsl_ltc.c:3546:10:LTC_HASH_Init	40	static
../drivers/fsl_ltc.c:3595:10:LTC_HASH_Update	32	static
../drivers/fsl_ltc.c:3692:10:LTC_HASH_Finish	32	static
../drivers/fsl_ltc.c:3791:10:LTC_HASH	144	static
