../drivers/fsl_ftfx_flash.c:1092:13:flash_init_features	0	static
../drivers/fsl_ftfx_flash.c:1304:17:flash_calculate_mem_size	12	static
../drivers/fsl_ftfx_flash.c:1124:13:flash_opsonfig_Init	16	static
../drivers/fsl_ftfx_flash.c:1330:17:flash_calculate_prot_segment_size	8	static
../drivers/fsl_ftfx_flash.c:1243:13:flash_protection_init	8	static
../drivers/fsl_ftfx_flash.c:1352:17:flash_check_range_to_get_index	32	static
../drivers/fsl_ftfx_flash.c:1381:13:flash_convert_start_address	0	static
../drivers/fsl_ftfx_flash.c:158:10:FLASH_Init	16	static
../drivers/fsl_ftfx_flash.c:224:10:FLASH_Erase	40	static
../drivers/fsl_ftfx_flash.c:245:10:FLASH_EraseAll	8	static
../drivers/fsl_ftfx_flash.c:254:10:FLASH_EraseAllUnsecure	8	static
../drivers/fsl_ftfx_flash.c:266:10:FLASH_Program	40	static
../drivers/fsl_ftfx_flash.c:287:10:FLASH_ProgramOnce	8	static
../drivers/fsl_ftfx_flash.c:300:10:FLASH_ProgramSection	40	static
../drivers/fsl_ftfx_flash.c:323:10:FLASH_ReadResource	16	static
../drivers/fsl_ftfx_flash.c:333:10:FLASH_ReadOnce	8	static
../drivers/fsl_ftfx_flash.c:345:10:FLASH_VerifyErase	40	static
../drivers/fsl_ftfx_flash.c:366:10:FLASH_VerifyEraseAll	8	static
../drivers/fsl_ftfx_flash.c:378:10:FLASH_VerifyProgram	64	static
../drivers/fsl_ftfx_flash.c:406:10:FLASH_GetSecurityState	8	static
../drivers/fsl_ftfx_flash.c:414:10:FLASH_SecurityBypass	8	static
../drivers/fsl_ftfx_flash.c:423:10:FLASH_SetFlexramFunction	8	static
../drivers/fsl_ftfx_flash.c:538:10:FLASH_IsProtected	216	static
../drivers/fsl_ftfx_flash.c:868:10:FLASH_PflashSetProtection	0	static
../drivers/fsl_ftfx_flash.c:948:10:FLASH_PflashGetProtection	0	static
../drivers/fsl_ftfx_flash.c:1002:10:FLASH_GetProperty	8	static
