../drivers/fsl_ftfx_flexnvm.c:474:17:flexnvm_convert_start_address	0	static
../drivers/fsl_ftfx_flexnvm.c:33:10:FLEXNVM_Init	8	static
../drivers/fsl_ftfx_flexnvm.c:75:10:FLEXNVM_DflashErase	24	static
../drivers/fsl_ftfx_flexnvm.c:90:10:FLEXNVM_EraseAll	8	static
../drivers/fsl_ftfx_flexnvm.c:99:10:FLEXNVM_EraseAllUnsecure	8	static
../drivers/fsl_ftfx_flexnvm.c:108:10:FLEXNVM_DflashProgram	24	static
../drivers/fsl_ftfx_flexnvm.c:124:10:FLEXNVM_DflashProgramSection	24	static
../drivers/fsl_ftfx_flexnvm.c:142:10:FLEXNVM_ProgramPartition	8	static
../drivers/fsl_ftfx_flexnvm.c:154:10:FLEXNVM_ReadResource	16	static
../drivers/fsl_ftfx_flexnvm.c:164:10:FLEXNVM_DflashVerifyErase	24	static
../drivers/fsl_ftfx_flexnvm.c:182:10:FLEXNVM_VerifyEraseAll	8	static
../drivers/fsl_ftfx_flexnvm.c:190:10:FLEXNVM_DflashVerifyProgram	48	static
../drivers/fsl_ftfx_flexnvm.c:212:10:FLEXNVM_GetSecurityState	8	static
../drivers/fsl_ftfx_flexnvm.c:220:10:FLEXNVM_SecurityBypass	8	static
../drivers/fsl_ftfx_flexnvm.c:229:10:FLEXNVM_SetFlexramFunction	8	static
../drivers/fsl_ftfx_flexnvm.c:238:10:FLEXNVM_EepromWrite	24	static
../drivers/fsl_ftfx_flexnvm.c:321:10:FLEXNVM_DflashSetProtection	0	static
../drivers/fsl_ftfx_flexnvm.c:349:10:FLEXNVM_DflashGetProtection	0	static
../drivers/fsl_ftfx_flexnvm.c:370:10:FLEXNVM_EepromSetProtection	0	static
../drivers/fsl_ftfx_flexnvm.c:397:10:FLEXNVM_EepromGetProtection	0	static
../drivers/fsl_ftfx_flexnvm.c:418:10:FLEXNVM_GetProperty	8	static
