../drivers/fsl_lpuart.c:209:13:LPUART_ReadNonBlocking	8	static
../drivers/fsl_lpuart.c:195:13:LPUART_WriteNonBlocking	8	static
../drivers/fsl_lpuart.c:1533:13:LPUART_TransferHandleTX	24	static
../drivers/fsl_lpuart.c:133:10:LPUART_GetInstance	8	static
../drivers/fsl_lpuart.c:157:8:LPUART_TransferGetRxRingBufferLength	8	static
../drivers/fsl_lpuart.c:178:13:LPUART_TransferIsRxRingBufferFull	8	static
../drivers/fsl_lpuart.c:263:10:LPUART_Init	48	static
../drivers/fsl_lpuart.c:478:6:LPUART_Deinit	8	static
../drivers/fsl_lpuart.c:542:6:LPUART_GetDefaultConfig	8	static
../drivers/fsl_lpuart.c:587:10:LPUART_SetBaudRate	40	static
../drivers/fsl_lpuart.c:685:6:LPUART_EnableInterrupts	8	static
../drivers/fsl_lpuart.c:709:6:LPUART_DisableInterrupts	8	static
../drivers/fsl_lpuart.c:1381:13:LPUART_TransferHandleIdleLine	24	static
../drivers/fsl_lpuart.c:1428:13:LPUART_TransferHandleRX	24	static
../drivers/fsl_lpuart.c:740:10:LPUART_GetEnabledInterrupts	0	static
../drivers/fsl_lpuart.c:769:10:LPUART_GetStatusFlags	0	static
../drivers/fsl_lpuart.c:1585:6:LPUART_TransferHandleIRQ	24	static
../drivers/fsl_lpuart.c:800:10:LPUART_ClearStatusFlags	8	static
../drivers/fsl_lpuart.c:855:6:LPUART_WriteBlocking	8	static
../drivers/fsl_lpuart.c:890:10:LPUART_ReadBlocking	16	static
../drivers/fsl_lpuart.c:979:6:LPUART_TransferCreateHandle	24	static
../drivers/fsl_lpuart.c:1044:6:LPUART_TransferStartRingBuffer	8	static
../drivers/fsl_lpuart.c:1071:6:LPUART_TransferStopRingBuffer	8	static
../drivers/fsl_lpuart.c:1106:10:LPUART_TransferSendNonBlocking	8	static
../drivers/fsl_lpuart.c:1145:6:LPUART_TransferAbortSend	8	static
../drivers/fsl_lpuart.c:1169:10:LPUART_TransferGetSendCount	8	static
../drivers/fsl_lpuart.c:1210:10:LPUART_TransferReceiveNonBlocking	32	static
../drivers/fsl_lpuart.c:1337:6:LPUART_TransferAbortReceive	8	static
../drivers/fsl_lpuart.c:1366:10:LPUART_TransferGetReceiveCount	8	static
../drivers/fsl_lpuart.c:1635:6:LPUART_TransferHandleErrorIRQ	0	static
../drivers/fsl_lpuart.c:1704:6:LPUART0_LPUART1_DriverIRQHandler	8	static
