../drivers/fsl_tpm.c:226:17:TPM_SubSetupPwmChannels	48	static
../drivers/fsl_tpm.c:69:17:TPM_GetInstance	8	static
../drivers/fsl_tpm.c:96:6:TPM_Init	16	static
../drivers/fsl_tpm.c:140:6:TPM_Deinit	8	static
../drivers/fsl_tpm.c:177:6:TPM_GetDefaultConfig	8	static
../drivers/fsl_tpm.c:408:10:TPM_SetupPwm	32	static
../drivers/fsl_tpm.c:480:6:TPM_UpdatePwmDutycycle	16	static
../drivers/fsl_tpm.c:549:6:TPM_UpdateChnlEdgeLevelSelect	16	static
../drivers/fsl_tpm.c:593:6:TPM_SetupInputCapture	16	static
../drivers/fsl_tpm.c:649:6:TPM_SetupOutputCompare	16	static
../drivers/fsl_tpm.c:703:6:TPM_SetupDualEdgeCapture	24	static
../drivers/fsl_tpm.c:806:6:TPM_SetupQuadDecode	16	static
../drivers/fsl_tpm.c:885:6:TPM_EnableInterrupts	12	static
../drivers/fsl_tpm.c:915:6:TPM_DisableInterrupts	12	static
../drivers/fsl_tpm.c:946:10:TPM_GetEnabledInterrupts	8	static
