../drivers/fsl_trng.c:1353:17:trng_SetRetryCount	0	static
../drivers/fsl_trng.c:1375:17:trng_SetMonobitLimit	0	static
../drivers/fsl_trng.c:1400:17:trng_SetRunBit1Limit	0	static
../drivers/fsl_trng.c:1424:17:trng_SetRunBit2Limit	0	static
../drivers/fsl_trng.c:1448:17:trng_SetRunBit3Limit	0	static
../drivers/fsl_trng.c:1471:17:trng_SetRunBit4Limit	0	static
../drivers/fsl_trng.c:1494:17:trng_SetRunBit5Limit	0	static
../drivers/fsl_trng.c:1517:17:trng_SetRunBit6Limit	0	static
../drivers/fsl_trng.c:1540:17:trng_SetPokerMaxLimit	0	static
../drivers/fsl_trng.c:1563:17:trng_SetFrequencyCountMaxLimit	0	static
../drivers/fsl_trng.c:1588:17:trng_SetStatisticalCheckLimit	24	static
../drivers/fsl_trng.c:1657:17:trng_ApplyUserConfig	16	static
../drivers/fsl_trng.c:1738:17:trng_ReadEntropy	0	static
../drivers/fsl_trng.c:1230:17:trng_GetInstance	8	static
../drivers/fsl_trng.c:1292:10:TRNG_GetDefaultConfig	0	static
../drivers/fsl_trng.c:1768:10:TRNG_Init	16	static
../drivers/fsl_trng.c:1823:6:TRNG_Deinit	8	static
../drivers/fsl_trng.c:1858:10:TRNG_GetRandomData	32	static
