../drivers/fsl_common.h:479:28:DisableIRQ	0	static
../drivers/fsl_dspi.h:947:24:DSPI_MasterGetFormattedCommand	0	static
../drivers/fsl_dspi.c:417:13:DSPI_SetOnePcsPolarity	0	static
../drivers/fsl_dspi.c:1930:13:DSPI_SlaveCheckFifoError	0	static
../drivers/fsl_dspi.c:2111:13:DSPI_CommonIRQHandler	8	static
../drivers/fsl_dspi.c:1091:13:DSPI_MasterTransferPrepare	40	static
../drivers/fsl_dspi.c:1353:13:DSPI_MasterTransferComplete	16	static
../drivers/fsl_dspi.c:1873:13:DSPI_SlaveTransferComplete	8	static
../drivers/fsl_dspi.c:152:10:DSPI_GetInstance	8	static
../drivers/fsl_dspi.c:178:9:DSPI_GetDummyDataInstance	8	static
../drivers/fsl_dspi.c:900:13:DSPI_MasterHandleTransferByte	32	static
../drivers/fsl_dspi.c:955:13:DSPI_MasterHandleTransferHalfword	32	static
../drivers/fsl_dspi.c:1378:13:DSPI_MasterTransferFillUpTxFifo	16	static
../drivers/fsl_dspi.c:1538:6:DSPI_MasterTransferHandleIRQ	16	static
../drivers/fsl_dspi.c:1785:13:DSPI_SlaveTransferFillUpTxFifo	16	static
../drivers/fsl_dspi.c:1971:6:DSPI_SlaveTransferHandleIRQ	16	static
../drivers/fsl_dspi.c:191:6:DSPI_SetDummyData	8	static
../drivers/fsl_dspi.c:286:6:DSPI_MasterGetDefaultConfig	8	static
../drivers/fsl_dspi.c:333:6:DSPI_SlaveInit	24	static
../drivers/fsl_dspi.c:384:6:DSPI_SlaveGetDefaultConfig	8	static
../drivers/fsl_dspi.c:406:6:DSPI_Deinit	8	static
../drivers/fsl_dspi.c:448:10:DSPI_MasterSetBaudRate	64	static
../drivers/fsl_dspi.c:543:6:DSPI_MasterSetDelayScaler	16	static
../drivers/fsl_dspi.c:596:10:DSPI_MasterSetDelayTimes	56	static
../drivers/fsl_dspi.c:225:6:DSPI_MasterInit	32	static
../drivers/fsl_dspi.c:690:6:DSPI_GetDefaultDataCommandConfig	8	static
../drivers/fsl_dspi.c:731:6:DSPI_MasterWriteDataBlocking	16	static
../drivers/fsl_dspi.c:795:6:DSPI_MasterWriteCommandDataBlocking	0	static
../drivers/fsl_dspi.c:824:6:DSPI_SlaveWriteDataBlocking	0	static
../drivers/fsl_dspi.c:858:6:DSPI_EnableInterrupts	0	static
../drivers/fsl_dspi.c:884:6:DSPI_MasterTransferCreateHandle	24	static
../drivers/fsl_dspi.c:1065:10:DSPI_MasterTransferBlocking	56	static
../drivers/fsl_dspi.c:1147:10:DSPI_MasterTransferNonBlocking	24	static
../drivers/fsl_dspi.c:1200:10:DSPI_MasterHalfDuplexTransferBlocking	32	static
../drivers/fsl_dspi.c:1267:10:DSPI_MasterHalfDuplexTransferNonBlocking	32	static
../drivers/fsl_dspi.c:1333:10:DSPI_MasterTransferGetCount	8	static
../drivers/fsl_dspi.c:1517:6:DSPI_MasterTransferAbort	8	static
../drivers/fsl_dspi.c:1659:6:DSPI_SlaveTransferCreateHandle	24	static
../drivers/fsl_dspi.c:1686:10:DSPI_SlaveTransferNonBlocking	16	static
../drivers/fsl_dspi.c:1765:10:DSPI_SlaveTransferGetCount	8	static
../drivers/fsl_dspi.c:1914:6:DSPI_SlaveTransferAbort	8	static
../drivers/fsl_dspi.c:2129:6:SPI0_DriverIRQHandler	8	static
../drivers/fsl_dspi.c:2137:6:SPI1_DriverIRQHandler	8	static
