../drivers/fsl_ftfx_controller.c:1143:13:ftfx_init_ifr	0	static
../drivers/fsl_ftfx_controller.c:1206:17:ftfx_command_sequence	16	static
../drivers/fsl_ftfx_controller.c:1264:17:ftfx_check_mem_range	12	static
../drivers/fsl_ftfx_controller.c:1300:17:ftfx_check_user_key	0	static
../drivers/fsl_ftfx_controller.c:1312:17:ftfx_read_word_from_byte_address	8	static
../drivers/fsl_ftfx_controller.c:1335:13:ftfx_write_word_to_byte_address	8	static
../drivers/fsl_ftfx_controller.c:1356:17:ftfx_check_resource_range	8	static
../drivers/fsl_ftfx_controller.c:1188:13:ftfx_copy_run_command_to_ram	8	static
../drivers/fsl_ftfx_controller.c:190:6:FTFx_API_Init	8	static
../drivers/fsl_ftfx_controller.c:260:10:FTFx_CMD_Erase	24	static
../drivers/fsl_ftfx_controller.c:406:10:FTFx_CMD_EraseAllExecuteOnlySegments	8	static
../drivers/fsl_ftfx_controller.c:435:10:FTFx_CMD_Program	24	static
../drivers/fsl_ftfx_controller.c:501:10:FTFx_CMD_ProgramOnce	24	static
../drivers/fsl_ftfx_controller.c:669:10:FTFx_CMD_ProgramPartition	8	static
../drivers/fsl_ftfx_controller.c:707:10:FTFx_CMD_ReadOnce	32	static
../drivers/fsl_ftfx_controller.c:756:10:FTFx_CMD_ReadResource	40	static
../drivers/fsl_ftfx_controller.c:213:10:FTFx_API_UpdateFlexnvmPartitionStatus	32	static
../drivers/fsl_ftfx_controller.c:324:10:FTFx_CMD_EraseAll	8	static
../drivers/fsl_ftfx_controller.c:365:10:FTFx_CMD_EraseAllUnsecure	8	static
../drivers/fsl_ftfx_controller.c:830:10:FTFx_CMD_VerifyErase	48	static
../drivers/fsl_ftfx_controller.c:896:10:FTFx_CMD_VerifyEraseAll	8	static
../drivers/fsl_ftfx_controller.c:914:10:FTFx_CMD_VerifyEraseAllExecuteOnlySegments	8	static
../drivers/fsl_ftfx_controller.c:935:10:FTFx_CMD_VerifyProgram	32	static
../drivers/fsl_ftfx_controller.c:997:10:FTFx_CMD_SecurityBypass	8	static
../drivers/fsl_ftfx_controller.c:1032:10:FTFx_REG_GetSecurityState	0	static
../drivers/fsl_ftfx_controller.c:1073:10:FTFx_CMD_SetFlexramFunction	8	static
../drivers/fsl_ftfx_controller.c:545:10:FTFx_CMD_ProgramSection	48	static
