../drivers/fsl_ftfx_cache.c:380:13:ftfx_common_bit_operation_command_sequence	16	static
../drivers/fsl_ftfx_cache.c:370:13:ftfx_copy_common_bit_operation_to_ram	8	static
../drivers/fsl_ftfx_cache.c:146:10:FTFx_CACHE_Init	8	static
../drivers/fsl_ftfx_cache.c:213:10:FTFx_CACHE_PflashSetPrefetchSpeculation	0	static
../drivers/fsl_ftfx_cache.c:299:10:FTFx_CACHE_PflashGetPrefetchSpeculation	8	static
../drivers/fsl_ftfx_cache.c:398:6:mcm_flash_cache_clear	16	static
../drivers/fsl_ftfx_cache.c:175:10:FTFx_CACHE_ClearCachePrefetchSpeculation	8	static
