../drivers/fsl_flexcan.c:456:13:FLEXCAN_EnterFreezeMode	0	static
../drivers/fsl_flexcan.c:467:13:FLEXCAN_ExitFreezeMode	0	static
../drivers/fsl_flexcan.c:1238:13:FLEXCAN_GetSegments	16	static
../drivers/fsl_flexcan.c:1484:13:FLEXCAN_FDGetSegmentswithBRS	16	static
../drivers/fsl_flexcan.c:1397:13:FLEXCAN_FDGetSegments	16	static
../drivers/fsl_flexcan.c:1567:13:FLEXCAN_CalculateImprovedTimingValuesByCBT	24	static
../drivers/fsl_flexcan.c:1359:17:FLEXCAN_GetFDMailboxOffset	16	static
../drivers/fsl_flexcan.c:499:13:FLEXCAN_IsMbIntEnabled	8	static
../drivers/fsl_flexcan.c:532:13:FLEXCAN_Reset	8	static
../drivers/fsl_flexcan.c:307:10:FLEXCAN_GetInstance	8	static
../drivers/fsl_flexcan.c:899:6:FLEXCAN_IsMbOccupied	0	static
../drivers/fsl_flexcan.c:951:6:FLEXCAN_Deinit	8	static
../drivers/fsl_flexcan.c:990:6:FLEXCAN_GetDefaultConfig	8	static
../drivers/fsl_flexcan.c:1040:6:FLEXCAN_SetTimingConfig	16	static
../drivers/fsl_flexcan.c:604:13:FLEXCAN_SetBaudRate	16	static
../drivers/fsl_flexcan.c:701:6:FLEXCAN_Init	32	static
../drivers/fsl_flexcan.c:1101:6:FLEXCAN_SetFDTimingConfig	16	static
../drivers/fsl_flexcan.c:641:13:FLEXCAN_SetFDBaudRate	16	static
../drivers/fsl_flexcan.c:818:6:FLEXCAN_FDInit	32	static
../drivers/fsl_flexcan.c:1133:6:FLEXCAN_SetRxMbGlobalMask	16	static
../drivers/fsl_flexcan.c:1155:6:FLEXCAN_SetRxFifoGlobalMask	16	static
../drivers/fsl_flexcan.c:1181:6:FLEXCAN_SetRxIndividualMask	16	static
../drivers/fsl_flexcan.c:1207:6:FLEXCAN_SetTxMbConfig	16	static
../drivers/fsl_flexcan.c:1315:6:FLEXCAN_CalculateImprovedTimingValues	24	static
../drivers/fsl_flexcan.c:1631:6:FLEXCAN_FDCalculateImprovedTimingValues	40	static
../drivers/fsl_flexcan.c:1720:6:FLEXCAN_SetFDTxMbConfig	24	static
../drivers/fsl_flexcan.c:1782:6:FLEXCAN_SetRxMbConfig	24	static
../drivers/fsl_flexcan.c:1836:6:FLEXCAN_SetFDRxMbConfig	24	static
../drivers/fsl_flexcan.c:1893:6:FLEXCAN_SetRxFifoConfig	24	static
../drivers/fsl_flexcan.c:2010:6:FLEXCAN_EnableRxFifoDMA	8	static
../drivers/fsl_flexcan.c:2121:10:FLEXCAN_WriteTxMb	16	static
../drivers/fsl_flexcan.c:2193:10:FLEXCAN_WriteFDTxMb	24	static
../drivers/fsl_flexcan.c:2284:10:FLEXCAN_ReadRxMb	24	static
../drivers/fsl_flexcan.c:2360:10:FLEXCAN_ReadFDRxMb	32	static
../drivers/fsl_flexcan.c:2449:10:FLEXCAN_ReadRxFifo	16	static
../drivers/fsl_flexcan.c:2509:10:FLEXCAN_TransferSendBlocking	16	static
../drivers/fsl_flexcan.c:2554:10:FLEXCAN_TransferReceiveBlocking	8	static
../drivers/fsl_flexcan.c:2590:10:FLEXCAN_TransferFDSendBlocking	24	static
../drivers/fsl_flexcan.c:2637:10:FLEXCAN_TransferFDReceiveBlocking	8	static
../drivers/fsl_flexcan.c:2672:10:FLEXCAN_TransferReceiveFifoBlocking	8	static
../drivers/fsl_flexcan.c:2702:6:FLEXCAN_TransferCreateHandle	24	static
../drivers/fsl_flexcan.c:2767:10:FLEXCAN_TransferSendNonBlocking	16	static
../drivers/fsl_flexcan.c:2828:10:FLEXCAN_TransferReceiveNonBlocking	16	static
../drivers/fsl_flexcan.c:2875:10:FLEXCAN_TransferFDSendNonBlocking	16	static
../drivers/fsl_flexcan.c:2937:10:FLEXCAN_TransferFDReceiveNonBlocking	16	static
../drivers/fsl_flexcan.c:2983:10:FLEXCAN_TransferReceiveFifoNonBlocking	8	static
../drivers/fsl_flexcan.c:3018:6:FLEXCAN_TransferAbortSend	24	static
../drivers/fsl_flexcan.c:3060:6:FLEXCAN_TransferFDAbortSend	24	static
../drivers/fsl_flexcan.c:3105:6:FLEXCAN_TransferFDAbortReceive	16	static
../drivers/fsl_flexcan.c:3136:6:FLEXCAN_TransferAbortReceive	16	static
../drivers/fsl_flexcan.c:3192:17:FLEXCAN_SubHandlerForMailBoxTransfered	24	static
../drivers/fsl_flexcan.c:3165:6:FLEXCAN_TransferAbortReceiveFifo	8	static
../drivers/fsl_flexcan.c:3271:6:FLEXCAN_TransferHandleIRQ	32	static
../drivers/fsl_flexcan.c:3398:6:CAN0_DriverIRQHandler	8	static
