../framework/XCVR/MKW38Z4/nb2p4ghz/nxp2p4_xcvr.c:88:6:XCVR_Deinit	8	static
../framework/XCVR/MKW38Z4/nb2p4ghz/nxp2p4_xcvr.c:109:14:XCVR_RadioRegSetup	8	static
../framework/XCVR/MKW38Z4/nb2p4ghz/nxp2p4_xcvr.c:127:14:XCVR_RBME_Configure	8	static
../framework/XCVR/MKW38Z4/nb2p4ghz/nxp2p4_xcvr.c:145:6:XCVR_RadioStartup	8	static
../framework/XCVR/MKW38Z4/nb2p4ghz/nxp2p4_xcvr.c:60:14:XCVR_InitNoDacTrim	16	static
../framework/XCVR/MKW38Z4/nb2p4ghz/nxp2p4_xcvr.c:213:6:XCVR_Reset	8	static
../framework/XCVR/MKW38Z4/nb2p4ghz/nxp2p4_xcvr.c:267:6:XCVR_GetCRCWConfig	0	static
../framework/XCVR/MKW38Z4/nb2p4ghz/nxp2p4_xcvr.c:287:6:XCVR_SetCRCWConfig	0	static
../framework/XCVR/MKW38Z4/nb2p4ghz/nxp2p4_xcvr.c:308:6:XCVR_EnaNBRSSIMeas	0	static
../framework/XCVR/MKW38Z4/nb2p4ghz/nxp2p4_xcvr.c:325:6:XCVR_RegisterPanicCb	0	static
../framework/XCVR/MKW38Z4/nb2p4ghz/nxp2p4_xcvr.c:331:6:XcvrPanic	8	static
../framework/XCVR/MKW38Z4/nb2p4ghz/nxp2p4_xcvr.c:349:14:map_mode_to_ll	0	static
../framework/XCVR/MKW38Z4/nb2p4ghz/nxp2p4_xcvr.c:381:14:XCVR_SetIRQMapping	16	static
../framework/XCVR/MKW38Z4/nb2p4ghz/nxp2p4_xcvr.c:417:14:XCVR_GetIRQMapping	8	static
../framework/XCVR/MKW38Z4/nb2p4ghz/nxp2p4_xcvr.c:479:14:XCVR_SetActiveLL	0	static
../framework/XCVR/MKW38Z4/nb2p4ghz/nxp2p4_xcvr.c:505:23:XCVR_GetActiveLL	0	static
../framework/XCVR/MKW38Z4/nb2p4ghz/nxp2p4_xcvr.c:453:14:XCVR_GetCurrentConfig	8	static
../framework/XCVR/MKW38Z4/nb2p4ghz/nxp2p4_xcvr.c:511:14:XCVR_SetPLLBand	0	static
../framework/XCVR/MKW38Z4/nb2p4ghz/nxp2p4_xcvr.c:531:18:XCVR_GetPLLBand	0	static
../framework/XCVR/MKW38Z4/nb2p4ghz/nxp2p4_xcvr.c:537:14:XCVR_SetMSKPreambleSeed	0	static
../framework/XCVR/MKW38Z4/nb2p4ghz/nxp2p4_xcvr.c:569:14:XCVR_SetXtalTrim	8	static
../framework/XCVR/MKW38Z4/nb2p4ghz/nxp2p4_xcvr.c:592:10:XCVR_GetXtalTrim	0	static
../framework/XCVR/MKW38Z4/nb2p4ghz/nxp2p4_xcvr.c:674:14:XCVR_SetDcocDacTrims	0	static
../framework/XCVR/MKW38Z4/nb2p4ghz/nxp2p4_xcvr.c:703:14:XCVR_GetDcocDacTrims	0	static
../framework/XCVR/MKW38Z4/nb2p4ghz/nxp2p4_xcvr.c:226:14:XCVR_ChangeMode	72	static
../framework/XCVR/MKW38Z4/nb2p4ghz/nxp2p4_xcvr.c:735:14:XCVR_SetRssiAdjustment	0	static
../framework/XCVR/MKW38Z4/nb2p4ghz/nxp2p4_xcvr.c:751:9:XCVR_GetRssiAdjustment	0	static
../framework/XCVR/MKW38Z4/nb2p4ghz/nxp2p4_xcvr.c:859:14:XCVR_OverrideFrequency	32	static
../framework/XCVR/MKW38Z4/nb2p4ghz/nxp2p4_xcvr.c:944:14:XCVR_OverrideCustomChannel	0	static
../framework/XCVR/MKW38Z4/nb2p4ghz/nxp2p4_xcvr.c:1027:6:XCVR_ReleasePLLOverride	0	static
../framework/XCVR/MKW38Z4/nb2p4ghz/nxp2p4_xcvr.c:994:14:XCVR_OverrideChannel	8	static
../framework/XCVR/MKW38Z4/nb2p4ghz/nxp2p4_xcvr.c:1047:10:XCVR_GetFreq	32	static
../framework/XCVR/MKW38Z4/nb2p4ghz/nxp2p4_xcvr.c:1119:6:XCVR_ForceRxWu	0	static
../framework/XCVR/MKW38Z4/nb2p4ghz/nxp2p4_xcvr.c:1125:6:XCVR_ForceRxWd	0	static
../framework/XCVR/MKW38Z4/nb2p4ghz/nxp2p4_xcvr.c:766:8:XCVR_GetInstantRssi	32	static
../framework/XCVR/MKW38Z4/nb2p4ghz/nxp2p4_xcvr.c:1131:6:XCVR_ForceTxWu	0	static
../framework/XCVR/MKW38Z4/nb2p4ghz/nxp2p4_xcvr.c:1137:6:XCVR_ForceTxWd	0	static
../framework/XCVR/MKW38Z4/nb2p4ghz/nxp2p4_xcvr.c:1143:6:XCVR_WaitRxWu	0	static
../framework/XCVR/MKW38Z4/nb2p4ghz/nxp2p4_xcvr.c:607:14:XCVR_CalculateDcocDacTrims	16	static
../framework/XCVR/MKW38Z4/nb2p4ghz/nxp2p4_xcvr.c:167:14:XCVR_Configure	72	static
../framework/XCVR/MKW38Z4/nb2p4ghz/nxp2p4_xcvr.c:38:14:XCVR_Init	16	static
../framework/XCVR/MKW38Z4/nb2p4ghz/nxp2p4_xcvr.c:1149:6:XCVR_WaitTxWu	0	static
../framework/XCVR/MKW38Z4/nb2p4ghz/nxp2p4_xcvr.c:1156:14:XCVR_DftTxCW	8	static
../framework/XCVR/MKW38Z4/nb2p4ghz/nxp2p4_xcvr.c:1192:14:XCVR_DftTxPatternReg	16	static
../framework/XCVR/MKW38Z4/nb2p4ghz/nxp2p4_xcvr.c:1291:14:XCVR_DftTxLfsrReg	16	static
../framework/XCVR/MKW38Z4/nb2p4ghz/nxp2p4_xcvr.c:1393:6:XCVR_DftTxOff	8	static
../framework/XCVR/MKW38Z4/nb2p4ghz/nxp2p4_xcvr.c:1412:14:XCVR_ForcePAPower	0	static
../framework/XCVR/MKW38Z4/nb2p4ghz/nxp2p4_xcvr.c:1430:6:XCVR_ReleasePAPower	0	static
../framework/XCVR/MKW38Z4/nb2p4ghz/nxp2p4_xcvr.c:1437:14:XCVR_SetManAgc	8	static
../framework/XCVR/MKW38Z4/nb2p4ghz/nxp2p4_xcvr.c:1465:6:XCVR_ClearManAgc	8	static
../framework/XCVR/MKW38Z4/nb2p4ghz/nxp2p4_xcvr.c:1479:6:XCVR_bumpPaPowerUp	0	static
../framework/XCVR/MKW38Z4/nb2p4ghz/nxp2p4_xcvr.c:1492:6:XCVR_releasePaPowerBump	0	static
../framework/XCVR/MKW38Z4/nb2p4ghz/nxp2p4_xcvr.c:1528:10:XCVR_IdentifyRadioVer	0	static
../framework/XCVR/MKW38Z4/nb2p4ghz/nxp2p4_xcvr.c:1506:10:XCVR_ReadRadioVer	8	static
