../source/common/ApplMain.c:2359:13:BLE_SignalFromISRCallback	0	static
../source/common/ApplMain.c:1553:13:App_KeyboardCallBack	8	static
../source/common/ApplMain.c:2322:23:App_SecLibMultCallback	8	static
../source/common/ApplMain.c:1841:23:App_AdvertisingCallback	16	static
../source/common/ApplMain.c:2046:23:App_GattClientProcedureCallback	24	static
../source/common/ApplMain.c:1567:13:App_HandleHostMessageInput	8	static
../source/common/ApplMain.c:1714:23:App_ConnectionCallback	24	static
../source/common/ApplMain.c:1875:23:App_ScanningCallback	16	static
../source/common/ApplMain.c:1984:23:App_GattServerCallback	16	static
../source/common/ApplMain.c:2090:23:App_GattClientNotificationCallback	32	static
../source/common/ApplMain.c:2139:23:App_GattClientIndicationCallback	32	static
../source/common/ApplMain.c:2234:23:App_L2caLeControlCallback	16	static
../source/common/ApplMain.c:2189:23:App_L2caLeDataCallback	32	static
../source/common/ApplMain.c:1519:6:App_GenericCallback	16	static
../source/common/ApplMain.c:527:6:App_Thread	24	static
../source/common/ApplMain.c:393:6:main_task	8	static
../source/common/ApplMain.c:748:13:App_Connect	8	static
../source/common/ApplMain.c:769:13:App_StartAdvertising	8	static
../source/common/ApplMain.c:794:13:App_StartExtAdvertising	24	static
../source/common/ApplMain.c:820:13:App_StartScanning	24	static
../source/common/ApplMain.c:841:13:App_RegisterGattServerCallback	8	static
../source/common/ApplMain.c:856:13:App_RegisterGattClientProcedureCallback	8	static
../source/common/ApplMain.c:871:13:App_RegisterGattClientNotificationCallback	8	static
../source/common/ApplMain.c:886:13:App_RegisterGattClientIndicationCallback	8	static
../source/common/ApplMain.c:902:13:App_RegisterLeCbCallbacks	8	static
../source/common/ApplMain.c:923:13:App_PostCallbackMessage	16	static
../source/common/ApplMain.c:959:13:App_NvmErase	8	static
../source/common/ApplMain.c:1062:13:App_NvmWrite	24	static
../source/common/ApplMain.c:1286:13:App_NvmRead	24	static
