../amazon-freertos/freertos/portable/heap_4.c:338:13:prvHeapInit	0	static
../amazon-freertos/freertos/portable/heap_4.c:386:13:prvInsertBlockIntoFreeList	8	static
../amazon-freertos/freertos/portable/heap_4.c:113:7:pvPortMalloc	16	static
../amazon-freertos/freertos/portable/heap_4.c:272:6:vPortFree	16	static
../amazon-freertos/freertos/portable/heap_4.c:320:8:xPortGetFreeHeapSize	0	static
../amazon-freertos/freertos/portable/heap_4.c:326:8:xPortGetMinimumEverFreeHeapSize	0	static
../amazon-freertos/freertos/portable/heap_4.c:332:6:vPortInitialiseBlocks	0	static
