D:\Licenta\licenta\KW38\licenta_wireless_uart_freertos\CMSIS/core_cm0plus.h:840:22:__NVIC_SetPriority	16	static
D:\Licenta\licenta\KW38\licenta_wireless_uart_freertos\CMSIS/core_cm0plus.h:864:26:__NVIC_GetPriority	0	static
../framework/GPIO/source/GPIO_Adapter.c:773:13:Gpio_CommonIsr	16	static
../framework/GPIO/source/GPIO_Adapter.c:814:21:Gpio_InstallPortISR	16	static
../framework/GPIO/source/GPIO_Adapter.c:120:10:GpioGetPinPCR	0	static
../framework/GPIO/source/GPIO_Adapter.c:133:6:GpioSetPinPCR	0	static
../framework/GPIO/source/GPIO_Adapter.c:146:6:GpioSetPinPCR_ISF_Preserved	0	static
../framework/GPIO/source/GPIO_Adapter.c:152:6:GpioSetSlewRate	8	static
../framework/GPIO/source/GPIO_Adapter.c:163:6:GpioSetOpenDrain	0	static
../framework/GPIO/source/GPIO_Adapter.c:188:6:GpioSetPassiveFilter	0	static
../framework/GPIO/source/GPIO_Adapter.c:203:16:GpioGetPinInterrupt	0	static
../framework/GPIO/source/GPIO_Adapter.c:215:6:GpioSetPinInterrupt	8	static
../framework/GPIO/source/GPIO_Adapter.c:240:6:GpioSetPinPullMode	8	static
../framework/GPIO/source/GPIO_Adapter.c:265:6:GpioSetPinMux	8	static
../framework/GPIO/source/GPIO_Adapter.c:283:6:GpioSetPinMux_ISF_Preserved	8	static
../framework/GPIO/source/GPIO_Adapter.c:302:6:GpioClearPinIntFlag	0	static
../framework/GPIO/source/GPIO_Adapter.c:319:8:GpioIsPinCauseOfWakeup	0	static
../framework/GPIO/source/GPIO_Adapter.c:338:6:GpioNotifyIoWakeupSource	0	static
../framework/GPIO/source/GPIO_Adapter.c:351:10:GpioIsPinIntPending	0	static
../framework/GPIO/source/GPIO_Adapter.c:372:6:GpioSetPinOutput	0	static
../framework/GPIO/source/GPIO_Adapter.c:385:6:GpioClearPinOutput	0	static
../framework/GPIO/source/GPIO_Adapter.c:398:6:GpioTogglePinOutput	0	static
../framework/GPIO/source/GPIO_Adapter.c:411:10:GpioReadOutputPin	0	static
../framework/GPIO/source/GPIO_Adapter.c:425:10:GpioReadPinInput	0	static
../framework/GPIO/source/GPIO_Adapter.c:433:6:GpioSetDriveStrength	8	static
../framework/GPIO/source/GPIO_Adapter.c:454:8:GpioInputPinInit	24	static
../framework/GPIO/source/GPIO_Adapter.c:503:8:GpioOutputPinInit	24	static
../framework/GPIO/source/GPIO_Adapter.c:556:6:GpioPinReset	16	static
../framework/GPIO/source/GPIO_Adapter.c:581:14:GpioInstallIsr	48	static
../framework/GPIO/source/GPIO_Adapter.c:704:14:GpioUninstallIsr	24	static
