../framework/OSAbstraction/source/fsl_os_abstraction_free_rtos.c:1042:14:osObjectAlloc	0	static
../framework/OSAbstraction/source/fsl_os_abstraction_free_rtos.c:1074:15:osObjectIsAllocated	8	static
../framework/OSAbstraction/source/fsl_os_abstraction_free_rtos.c:1109:20:osObjectFree	8	static
../framework/OSAbstraction/source/fsl_os_abstraction_free_rtos.c:121:6:startup_task	8	static
../framework/OSAbstraction/source/fsl_os_abstraction_free_rtos.c:135:13:OSA_TaskGetId	8	static
../framework/OSAbstraction/source/fsl_os_abstraction_free_rtos.c:147:13:OSA_TaskYield	8	static
../framework/OSAbstraction/source/fsl_os_abstraction_free_rtos.c:159:19:OSA_TaskGetPriority	8	static
../framework/OSAbstraction/source/fsl_os_abstraction_free_rtos.c:170:13:OSA_TaskSetPriority	8	static
../framework/OSAbstraction/source/fsl_os_abstraction_free_rtos.c:185:13:OSA_TaskCreate	32	static
../framework/OSAbstraction/source/fsl_os_abstraction_free_rtos.c:212:13:OSA_TaskDestroy	16	static
../framework/OSAbstraction/source/fsl_os_abstraction_free_rtos.c:236:6:OSA_TimeDelay	8	static
../framework/OSAbstraction/source/fsl_os_abstraction_free_rtos.c:246:10:OSA_TimeGetMsec	8	static
../framework/OSAbstraction/source/fsl_os_abstraction_free_rtos.c:268:18:OSA_SemaphoreCreate	8	static
../framework/OSAbstraction/source/fsl_os_abstraction_free_rtos.c:288:13:OSA_SemaphoreDestroy	8	static
../framework/OSAbstraction/source/fsl_os_abstraction_free_rtos.c:317:13:OSA_SemaphoreWait	8	static
../framework/OSAbstraction/source/fsl_os_abstraction_free_rtos.c:361:13:OSA_SemaphorePost	16	static
../framework/OSAbstraction/source/fsl_os_abstraction_free_rtos.c:413:14:OSA_MutexCreate	8	static
../framework/OSAbstraction/source/fsl_os_abstraction_free_rtos.c:434:13:OSA_MutexLock	16	static
../framework/OSAbstraction/source/fsl_os_abstraction_free_rtos.c:485:13:OSA_MutexUnlock	16	static
../framework/OSAbstraction/source/fsl_os_abstraction_free_rtos.c:521:13:OSA_MutexDestroy	8	static
../framework/OSAbstraction/source/fsl_os_abstraction_free_rtos.c:584:13:OSA_EventSet	24	static
../framework/OSAbstraction/source/fsl_os_abstraction_free_rtos.c:625:13:OSA_EventClear	16	static
../framework/OSAbstraction/source/fsl_os_abstraction_free_rtos.c:672:13:OSA_EventWait	32	static
../framework/OSAbstraction/source/fsl_os_abstraction_free_rtos.c:772:13:OSA_MsgQCreate	0	static
../framework/OSAbstraction/source/fsl_os_abstraction_free_rtos.c:794:13:OSA_MsgQPut	0	static
../framework/OSAbstraction/source/fsl_os_abstraction_free_rtos.c:846:13:OSA_MsgQGet	0	static
../framework/OSAbstraction/source/fsl_os_abstraction_free_rtos.c:889:13:OSA_MsgQDestroy	0	static
../framework/OSAbstraction/source/fsl_os_abstraction_free_rtos.c:912:6:OSA_InterruptEnable	8	static
../framework/OSAbstraction/source/fsl_os_abstraction_free_rtos.c:935:6:OSA_InterruptDisable	8	static
../framework/OSAbstraction/source/fsl_os_abstraction_free_rtos.c:544:14:OSA_EventCreate	16	static
../framework/OSAbstraction/source/fsl_os_abstraction_free_rtos.c:739:13:OSA_EventDestroy	16	static
../framework/OSAbstraction/source/fsl_os_abstraction_free_rtos.c:960:6:OSA_EnableIRQGlobal	0	static
../framework/OSAbstraction/source/fsl_os_abstraction_free_rtos.c:980:6:OSA_DisableIRQGlobal	0	static
../framework/OSAbstraction/source/fsl_os_abstraction_free_rtos.c:995:6:OSA_InstallIntHandler	8	static
../framework/OSAbstraction/source/fsl_os_abstraction_free_rtos.c:1020:6:main	8	static
