../framework/XCVR/MKW38Z4/nxp_xcvr_ext_ctrl.c:28:15:XCVR_CoexistenceInit	0	static
../framework/XCVR/MKW38Z4/nxp_xcvr_ext_ctrl.c:178:15:XCVR_CoexistenceSetPriority	0	static
../framework/XCVR/MKW38Z4/nxp_xcvr_ext_ctrl.c:300:7:XCVR_CoexistenceSaveRestoreTimings	0	static
../framework/XCVR/MKW38Z4/nxp_xcvr_ext_ctrl.c:346:14:XCVR_ExternalFadPaFemInit	48	static
../framework/XCVR/MKW38Z4/nxp_xcvr_ext_ctrl.c:453:14:XCVR_ExternalFadPaFemDeInit	0	static
../framework/XCVR/MKW38Z4/nxp_xcvr_ext_ctrl.c:462:6:XCVR_ExtAntOvrd	0	static
../framework/XCVR/MKW38Z4/nxp_xcvr_ext_ctrl.c:478:7:XCVR_ExtAntRelease	0	static
../framework/XCVR/MKW38Z4/nxp_xcvr_ext_ctrl.c:484:14:XCVR_FadPaFemOnCoexInit	56	static
../framework/XCVR/MKW38Z4/nxp_xcvr_ext_ctrl.c:609:6:XCVR_FadPaFemOnCoexDeInit	0	static
../framework/XCVR/MKW38Z4/nxp_xcvr_ext_ctrl.c:631:17:XCVR_LCL_AntennaSwitchInit	24	static
../framework/XCVR/MKW38Z4/nxp_xcvr_ext_ctrl.c:734:17:XCVR_LCL_AntennaSwitchRead	16	static
../framework/XCVR/MKW38Z4/nxp_xcvr_ext_ctrl.c:850:17:XCVR_LCL_AntennaSwitchEn	0	static
../framework/XCVR/MKW38Z4/nxp_xcvr_ext_ctrl.c:877:17:XCVR_LCL_AntennaSwitchBlock	0	static
../framework/XCVR/MKW38Z4/nxp_xcvr_ext_ctrl.c:902:17:XCVR_LCL_AntennaSwitchModeRead	0	static
../framework/XCVR/MKW38Z4/nxp_xcvr_ext_ctrl.c:939:17:XCVR_LCL_PatternMatchInit	8	static
../framework/XCVR/MKW38Z4/nxp_xcvr_ext_ctrl.c:984:17:XCVR_LCL_PatternMatchEn	8	static
../framework/XCVR/MKW38Z4/nxp_xcvr_ext_ctrl.c:1048:17:XCVR_LCL_PatternMatchModeRead	0	static
../framework/XCVR/MKW38Z4/nxp_xcvr_ext_ctrl.c:1069:17:XCVR_LCL_PatternMatchRead	0	static
../framework/XCVR/MKW38Z4/nxp_xcvr_ext_ctrl.c:1108:17:XCVR_LCL_PatternMatchDisable	8	static
../framework/XCVR/MKW38Z4/nxp_xcvr_ext_ctrl.c:1172:6:XCVR_LCL_SwTriggerAssert	16	static
../framework/XCVR/MKW38Z4/nxp_xcvr_ext_ctrl.c:1208:6:XCVR_LCL_DeInit	0	static
../framework/XCVR/MKW38Z4/nxp_xcvr_ext_ctrl.c:1217:6:XCVR_LCL_GetEn	0	static
