../framework/SerialManager/source/SerialManager.c:1918:13:Serial_TxQueueMaintenance	16	static
../framework/SerialManager/source/SerialManager.c:1979:13:Serial_SyncTxCallback	8	static
../framework/SerialManager/source/SerialManager.c:1423:23:Serial_WriteInternal	16	static
../framework/SerialManager/source/SerialManager.c:385:6:SerialManagerTask	32	static
../framework/SerialManager/source/SerialManager.c:348:6:Serial_InitManager	8	static
../framework/SerialManager/source/SerialManager.c:461:16:Serial_InitInterface	32	static
../framework/SerialManager/source/SerialManager.c:653:16:Serial_AsyncWrite	40	static
../framework/SerialManager/source/SerialManager.c:760:16:Serial_SyncWrite	32	static
../framework/SerialManager/source/SerialManager.c:931:16:Serial_RxBufferByteCount	16	static
../framework/SerialManager/source/SerialManager.c:843:16:Serial_Read	40	static
../framework/SerialManager/source/SerialManager.c:975:16:Serial_SetRxCallBack	12	static
../framework/SerialManager/source/SerialManager.c:1007:16:Serial_SetBaudRate	8	static
../framework/SerialManager/source/SerialManager.c:1087:16:Serial_Print	24	static
../framework/SerialManager/source/SerialManager.c:1120:16:Serial_PrintHex	40	static
../framework/SerialManager/source/SerialManager.c:1186:16:Serial_PrintDec	32	static
../framework/SerialManager/source/SerialManager.c:1234:16:Serial_EnableLowPowerWakeup	16	static
../framework/SerialManager/source/SerialManager.c:1292:16:Serial_DisableLowPowerWakeup	16	static
../framework/SerialManager/source/SerialManager.c:1350:8:Serial_IsWakeUpSource	16	static
../framework/SerialManager/source/SerialManager.c:1677:6:SerialManager_RxNotify	8	static
../framework/SerialManager/source/SerialManager.c:2176:13:Serial_UartRxCb	16	static
../framework/SerialManager/source/SerialManager.c:1820:6:SerialManager_TxNotify	24	static
../framework/SerialManager/source/SerialManager.c:2191:13:Serial_UartTxCb	8	static
../framework/SerialManager/source/SerialManager.c:1994:10:Serial_GetInterfaceId	8	static
../framework/SerialManager/source/SerialManager.c:2273:6:SerialInterface_Reinit	8	static
../framework/SerialManager/source/SerialManager.c:2324:6:SerialInterface_SerialIsWakeupSrc	8	static
