D:\Licenta\licenta\KW38\licenta_wireless_uart_freertos\CMSIS/core_cm0plus.h:840:22:__NVIC_SetPriority	16	static
../framework/SerialManager/source/UART_Serial_Adapter.c:1034:13:LPUART_Common_ISR	24	static
../framework/SerialManager/source/UART_Serial_Adapter.c:105:10:LPUART_Initialize	40	static
../framework/SerialManager/source/UART_Serial_Adapter.c:166:10:LPUART_SetBaudrate	16	static
../framework/SerialManager/source/UART_Serial_Adapter.c:183:10:LPUART_SendData	24	static
../framework/SerialManager/source/UART_Serial_Adapter.c:222:10:LPUART_ReceiveData	16	static
../framework/SerialManager/source/UART_Serial_Adapter.c:249:11:LPUART_InstallRxCalback	0	static
../framework/SerialManager/source/UART_Serial_Adapter.c:267:11:LPUART_InstallTxCalback	0	static
../framework/SerialManager/source/UART_Serial_Adapter.c:285:10:LPUART_IsTxActive	8	static
../framework/SerialManager/source/UART_Serial_Adapter.c:319:10:LPUART_DisableLowPowerWakeup	8	static
../framework/SerialManager/source/UART_Serial_Adapter.c:305:10:LPUART_EnableLowPowerWakeup	16	static
../framework/SerialManager/source/UART_Serial_Adapter.c:340:10:LPUART_IsWakeupSource	8	static
../framework/SerialManager/source/UART_Serial_Adapter.c:355:10:UART_Initialize	0	static
../framework/SerialManager/source/UART_Serial_Adapter.c:398:10:UART_SetBaudrate	0	static
../framework/SerialManager/source/UART_Serial_Adapter.c:415:10:UART_SendData	0	static
../framework/SerialManager/source/UART_Serial_Adapter.c:454:10:UART_ReceiveData	0	static
../framework/SerialManager/source/UART_Serial_Adapter.c:481:10:UART_InstallRxCalback	0	static
../framework/SerialManager/source/UART_Serial_Adapter.c:499:10:UART_InstallTxCalback	0	static
../framework/SerialManager/source/UART_Serial_Adapter.c:517:10:UART_IsTxActive	0	static
../framework/SerialManager/source/UART_Serial_Adapter.c:537:10:UART_EnableLowPowerWakeup	0	static
../framework/SerialManager/source/UART_Serial_Adapter.c:551:10:UART_DisableLowPowerWakeup	0	static
../framework/SerialManager/source/UART_Serial_Adapter.c:572:10:UART_IsWakeupSource	0	static
../framework/SerialManager/source/UART_Serial_Adapter.c:588:10:LPSCI_Initialize	0	static
../framework/SerialManager/source/UART_Serial_Adapter.c:631:10:LPSCI_SetBaudrate	0	static
../framework/SerialManager/source/UART_Serial_Adapter.c:648:10:LPSCI_SendData	0	static
../framework/SerialManager/source/UART_Serial_Adapter.c:687:10:LPSCI_ReceiveData	0	static
../framework/SerialManager/source/UART_Serial_Adapter.c:714:10:LPSCI_InstallRxCalback	0	static
../framework/SerialManager/source/UART_Serial_Adapter.c:732:10:LPSCI_InstallTxCalback	0	static
../framework/SerialManager/source/UART_Serial_Adapter.c:750:10:LPSCI_IsTxActive	0	static
../framework/SerialManager/source/UART_Serial_Adapter.c:770:10:LPSCI_EnableLowPowerWakeup	0	static
../framework/SerialManager/source/UART_Serial_Adapter.c:784:10:LPSCI_DisableLowPowerWakeup	0	static
../framework/SerialManager/source/UART_Serial_Adapter.c:805:10:LPSCI_IsWakeupSource	0	static
../framework/SerialManager/source/UART_Serial_Adapter.c:820:10:USART_Initialize	0	static
../framework/SerialManager/source/UART_Serial_Adapter.c:856:10:USART_SetBaudrate	0	static
../framework/SerialManager/source/UART_Serial_Adapter.c:873:10:USART_SendData	0	static
../framework/SerialManager/source/UART_Serial_Adapter.c:913:10:USART_ReceiveData	0	static
../framework/SerialManager/source/UART_Serial_Adapter.c:940:10:USART_InstallRxCalback	0	static
../framework/SerialManager/source/UART_Serial_Adapter.c:958:10:USART_InstallTxCalback	0	static
../framework/SerialManager/source/UART_Serial_Adapter.c:976:10:USART_IsTxActive	0	static
../framework/SerialManager/source/UART_Serial_Adapter.c:996:10:USART_EnableLowPowerWakeup	0	static
../framework/SerialManager/source/UART_Serial_Adapter.c:1006:10:USART_DisableLowPowerWakeup	0	static
../framework/SerialManager/source/UART_Serial_Adapter.c:1016:10:USART_IsWakeupSource	0	static
../framework/SerialManager/source/UART_Serial_Adapter.c:1130:6:LPUART0_LPUART1_IRQHandler	32	static
