../framework/TimersManager/source/TimersManager.c:304:20:TMR_GetTimerStatus	0	static
../framework/TimersManager/source/TimersManager.c:317:13:TMR_SetTimerStatus	8	static
../framework/TimersManager/source/TimersManager.c:331:23:TMR_GetTimerType	0	static
../framework/TimersManager/source/TimersManager.c:344:13:TMR_SetTimerType	8	static
../framework/TimersManager/source/TimersManager.c:358:13:TMR_SetNextInterruptTime	8	static
../framework/TimersManager/source/TimersManager.c:397:13:TMR_PIT_ISR	0	static
../framework/TimersManager/source/TimersManager.c:555:6:StackTimer_ISR	8	static
../framework/TimersManager/source/TimersManager.c:419:19:TmrTicksFromMilliseconds	8	static
../framework/TimersManager/source/TimersManager.c:466:6:TMR_NotifyClkChanged	8	static
../framework/TimersManager/source/TimersManager.c:430:6:TMR_Init	8	static
../framework/TimersManager/source/TimersManager.c:489:14:TMR_AllocateTimer	8	static
../framework/TimersManager/source/TimersManager.c:521:8:TMR_AreAllTimersOff	0	static
../framework/TimersManager/source/TimersManager.c:567:8:TMR_IsTimerActive	8	static
../framework/TimersManager/source/TimersManager.c:581:8:TMR_IsTimerReady	8	static
../framework/TimersManager/source/TimersManager.c:594:10:TMR_GetRemainingTime	16	static
../framework/TimersManager/source/TimersManager.c:643:10:TMR_GetFirstExpireTime	24	static
../framework/TimersManager/source/TimersManager.c:671:14:TMR_GetFirstWithParam	8	static
../framework/TimersManager/source/TimersManager.c:916:14:TMR_StopTimer	8	static
../framework/TimersManager/source/TimersManager.c:535:14:TMR_FreeTimer	8	static
../framework/TimersManager/source/TimersManager.c:965:6:TMR_Task	56	static
../framework/TimersManager/source/TimersManager.c:1121:6:TMR_EnableTimer	8	static
../framework/TimersManager/source/TimersManager.c:699:14:TMR_StartTimer	32	static
../framework/TimersManager/source/TimersManager.c:758:14:TMR_StartLowPowerTimer	16	static
../framework/TimersManager/source/TimersManager.c:789:14:TMR_StartLowPowerMinuteTimer	16	static
../framework/TimersManager/source/TimersManager.c:811:14:TMR_StartLowPowerSecondTimer	24	static
../framework/TimersManager/source/TimersManager.c:834:14:TMR_StartMinuteTimer	16	static
../framework/TimersManager/source/TimersManager.c:856:14:TMR_StartSecondTimer	24	static
../framework/TimersManager/source/TimersManager.c:877:14:TMR_StartIntervalTimer	16	static
../framework/TimersManager/source/TimersManager.c:897:14:TMR_StartSingleShotTimer	16	static
../framework/TimersManager/source/TimersManager.c:1151:10:TMR_NotCountedTicksBeforeSleep	8	static
../framework/TimersManager/source/TimersManager.c:1181:6:TMR_SyncLpmTimers	32	static
../framework/TimersManager/source/TimersManager.c:1246:6:TMR_MakeTMRThreadReady	8	static
../framework/TimersManager/source/TimersManager.c:1264:6:TMR_ExitLowPower	8	static
../framework/TimersManager/source/TimersManager.c:1272:10:TMR_GetTimerFreq	0	static
../framework/TimersManager/source/TimersManager.c:1759:6:TMR_PITInit	24	static
../framework/TimersManager/source/TimersManager.c:1283:6:TMR_TimeStampInit	8	static
../framework/TimersManager/source/TimersManager.c:1806:10:TMR_PITGetTimestamp	40	static
../framework/TimersManager/source/TimersManager.c:1296:10:TMR_GetTimestamp	8	static
